
> microbiz-tools-website@0.1.0 build
> next build

  Γû▓ Next.js 14.2.33
  - Environments: .env

   Creating an optimized production build ...
 Γ£ô Compiled successfully
   Linting and checking validity of types ...
   Collecting page data ...
   Generating static pages (0/22) ...
   Generating static pages (5/22) 
   Generating static pages (10/22) 
   Generating static pages (16/22) 
 Γ£ô Generating static pages (22/22)
   Finalizing page optimization ...
   Collecting build traces ...

Route (app)                              Size     First Load JS
Γöî Γùï /                                    175 B          96.2 kB
Γö£ Γùï /_not-found                          873 B          88.2 kB
Γö£ ╞Æ /analytics                           170 B          87.5 kB
Γö£ ╞Æ /api/dashboard                       0 B                0 B
Γö£ ╞Æ /api/leads                           0 B                0 B
Γö£ ╞Æ /api/leads/[id]                      0 B                0 B
Γö£ ╞Æ /api/leads/[id]/convert              0 B                0 B
Γö£ ╞Æ /api/search                          0 B                0 B
Γö£ ╞Æ /dashboard                           170 B          87.5 kB
Γö£ ╞Æ /follow-ups                          170 B          87.5 kB
Γö£ ╞Æ /income                              170 B          87.5 kB
Γö£ ╞Æ /invoices                            170 B          87.5 kB
Γö£ ╞Æ /invoices/new                        170 B          87.5 kB
Γö£ ╞Æ /leads                               3.08 kB         108 kB
Γö£ ╞Æ /leads-clients                       170 B          87.5 kB
Γö£ ╞Æ /leads/[id]                          2.27 kB        98.2 kB
Γö£ ╞Æ /login                               1.98 kB         162 kB
Γö£ ╞Æ /proposals                           170 B          87.5 kB
Γö£ ╞Æ /proposals/new                       170 B          87.5 kB
Γö£ ╞Æ /register                            1.99 kB         162 kB
Γö£ ╞Æ /settings                            170 B          87.5 kB
Γö£ ╞Æ /snippets                            170 B          87.5 kB
Γöö ╞Æ /tasks                               170 B          87.5 kB
+ First Load JS shared by all            87.3 kB
  Γö£ chunks/117-8af54e13facb1b86.js       31.7 kB
  Γö£ chunks/fd9d1056-d17313c03983f67e.js  53.6 kB
  Γöö other shared chunks (total)          1.95 kB


╞Æ Middleware                             75 kB

Γùï  (Static)   prerendered as static content
╞Æ  (Dynamic)  server-rendered on demand

